{t_string a string literal}
{t_string a sring with "escaped quotes" in it}
{t_string a string with 'single quotes' in it}
