{t_bool true}
{t_bool false}
{t_string true}
{t_string false}
