{t_name snowman}
{t_object_separator :}
{t_string â˜ƒ}
{t_name â˜ƒ}
{t_object_separator :}
{t_string snowman}
{t_name rocket}
{t_object_separator :}
{t_string ðŸš€}
{t_name ðŸš€}
{t_object_separator :}
{t_string rocket}
