{t_name 1nbz32k}
{t_object_separator :}
{t_string doauhef}
