root:
  assign:
    name:
      quoted_string
    value:
      string:
        this is a quoted string
  assign:
    name:
      bare_string
    value:
      string:
        this is a bare string
  assign:
    name:
      name with space
    value:
      string:
        that name has spaces in it, and you know what? that's ok!
