root:
  assign:
    name:
      a_string
    value:
      string:
        a string value
  assign:
    name:
      an_int
    value:
      int:
        1
  assign:
    name:
      another_int
    value:
      int:
        9
  assign:
    name:
      moar_int
    value:
      int:
        -12
  assign:
    name:
      a_float
    value:
      float:
        1
  assign:
    name:
      another_float
    value:
      float:
        -0.9
  assign:
    name:
      extra_floaty
    value:
      float:
        1.2
  assign:
    name:
      complex1
    value:
      complex:
        (1+1i)
  assign:
    name:
      complex2
    value:
      complex:
        (1+0i)
  assign:
    name:
      complex3
    value:
      complex:
        (1.3+4.7i)
  assign:
    name:
      complex4
    value:
      complex:
        (-4.2+8.9i)
  assign:
    name:
      complex5
    value:
      complex:
        (4.2-8.9i)
