root:
  assign:
    name:
      items
    value:
      list:
        number:
          1
        number:
          2
        number:
          3
