{t_name errant_name}
{t_name no_value}
{t_object_separator :}
{t_name key}
{t_object_separator :}
{t_name var_name}
{t_name key}
{t_object_separator :}
{t_string string}
