{t_name empty_object}
{t_object_separator :}
{t_object_start {}
{t_object_end }}
{t_name crazy_object}
{t_object_separator :}
{t_object_start {}
{t_name key}
{t_object_separator :}
{t_name variable}
{t_name key_two}
{t_object_separator :}
{t_string string here}
{t_name key_three}
{t_object_separator :}
{t_list_start [}
{t_real_number 1}
{t_real_number 2}
{t_real_number 3}
{t_list_end ]}
{t_name key_four}
{t_object_separator :}
{t_object_start {}
{t_name nested_one}
{t_object_separator :}
{t_string alright}
{t_name nested_two}
{t_object_separator :}
{t_list_start [}
{t_real_number 4}
{t_real_number 5}
{t_real_number 6}
{t_list_end ]}
{t_object_end }}
{t_object_end }}
