key: 1
key_2: 2
key_3: -1
key_4: 0
key_5: +0
key_6: this is a string
key_7: "this is a quoted string"
key_8: [1 2 3]

