key: this is a literal value
another_key: this is a literal value
